<html>
<body>
<pre>
<h1>µVision Build Log</h1>
<h2>Tool Versions:</h2>
IDE-Version: ¦ÌVision V5.33.0.0
Copyright (C) 2020 ARM Ltd and ARM Germany GmbH. All rights reserved.
License Information: wangan zhang, wshuqw, LIC=GMZI6-DKEKJ-QDLKD-8FIGI-TD5AN-XSKAY
 
Tool Versions:
Toolchain:       MDK-ARM Plus  Version: 5.33.0.0
Toolchain Path:  D:\keil5\ARM\ARMCC\Bin
C Compiler:      Armcc.exe V5.06 update 7 (build 960)
Assembler:       Armasm.exe V5.06 update 7 (build 960)
Linker/Locator:  ArmLink.exe V5.06 update 7 (build 960)
Library Manager: ArmAr.exe V5.06 update 7 (build 960)
Hex Converter:   FromElf.exe V5.06 update 7 (build 960)
CPU DLL:         SARMCM3.DLL V5.33.0.0
Dialog DLL:      DCM.DLL V1.17.3.0
Target DLL:      CMSIS_AGDI.dll V1.32.12.0
Dialog DLL:      TCM.DLL V1.48.0.0
 
<h2>Project:</h2>
C:\Users\X00003510\Desktop\GD32303C_EVAL_GD32F30x_Firmware_Library_Routine\Project\11_I2C_EEPROM\MDK-ARM\GD32303C_EVAL.uvprojx
Project File Date:  03/16/2021

<h2>Output:</h2>
*** Using Compiler 'V5.06 update 7 (build 960)', folder: 'D:\keil5\ARM\ARMCC\Bin'
Build target 'GD32F303C_EVAL'
compiling gd32f30x_adc.c...
..\..\..\Library\Firmware\CMSIS\core_cm4.h(118): warning:  #1215-D: #warning directive: "Compiler generates FPU instructions for a device without an FPU (check __FPU_PRESENT)"
        #warning "Compiler generates FPU instructions for a device without an FPU (check __FPU_PRESENT)"
..\..\..\Library\Firmware\GD32F30x_standard_peripheral\Source\gd32f30x_adc.c: 1 warning, 0 errors
compiling main.c...
..\..\..\Library\Firmware\CMSIS\core_cm4.h(118): warning:  #1215-D: #warning directive: "Compiler generates FPU instructions for a device without an FPU (check __FPU_PRESENT)"
        #warning "Compiler generates FPU instructions for a device without an FPU (check __FPU_PRESENT)"
..\main.c: 1 warning, 0 errors
compiling gd32f30x_bkp.c...
..\..\..\Library\Firmware\CMSIS\core_cm4.h(118): warning:  #1215-D: #warning directive: "Compiler generates FPU instructions for a device without an FPU (check __FPU_PRESENT)"
        #warning "Compiler generates FPU instructions for a device without an FPU (check __FPU_PRESENT)"
..\..\..\Library\Firmware\GD32F30x_standard_peripheral\Source\gd32f30x_bkp.c: 1 warning, 0 errors
compiling gd32f30x_ctc.c...
..\..\..\Library\Firmware\CMSIS\core_cm4.h(118): warning:  #1215-D: #warning directive: "Compiler generates FPU instructions for a device without an FPU (check __FPU_PRESENT)"
        #warning "Compiler generates FPU instructions for a device without an FPU (check __FPU_PRESENT)"
..\..\..\Library\Firmware\GD32F30x_standard_peripheral\Source\gd32f30x_ctc.c: 1 warning, 0 errors
compiling gd32f30x_crc.c...
..\..\..\Library\Firmware\CMSIS\core_cm4.h(118): warning:  #1215-D: #warning directive: "Compiler generates FPU instructions for a device without an FPU (check __FPU_PRESENT)"
        #warning "Compiler generates FPU instructions for a device without an FPU (check __FPU_PRESENT)"
..\..\..\Library\Firmware\GD32F30x_standard_peripheral\Source\gd32f30x_crc.c: 1 warning, 0 errors
compiling gd32f30x_can.c...
..\..\..\Library\Firmware\CMSIS\core_cm4.h(118): warning:  #1215-D: #warning directive: "Compiler generates FPU instructions for a device without an FPU (check __FPU_PRESENT)"
        #warning "Compiler generates FPU instructions for a device without an FPU (check __FPU_PRESENT)"
..\..\..\Library\Firmware\GD32F30x_standard_peripheral\Source\gd32f30x_can.c: 1 warning, 0 errors
compiling gd32f30x_dac.c...
..\..\..\Library\Firmware\CMSIS\core_cm4.h(118): warning:  #1215-D: #warning directive: "Compiler generates FPU instructions for a device without an FPU (check __FPU_PRESENT)"
        #warning "Compiler generates FPU instructions for a device without an FPU (check __FPU_PRESENT)"
..\..\..\Library\Firmware\GD32F30x_standard_peripheral\Source\gd32f30x_dac.c: 1 warning, 0 errors
compiling gd32f30x_it.c...
..\..\..\Library\Firmware\CMSIS\core_cm4.h(118): warning:  #1215-D: #warning directive: "Compiler generates FPU instructions for a device without an FPU (check __FPU_PRESENT)"
        #warning "Compiler generates FPU instructions for a device without an FPU (check __FPU_PRESENT)"
..\gd32f30x_it.c: 1 warning, 0 errors
compiling gd32f30x_dbg.c...
..\..\..\Library\Firmware\CMSIS\core_cm4.h(118): warning:  #1215-D: #warning directive: "Compiler generates FPU instructions for a device without an FPU (check __FPU_PRESENT)"
        #warning "Compiler generates FPU instructions for a device without an FPU (check __FPU_PRESENT)"
..\..\..\Library\Firmware\GD32F30x_standard_peripheral\Source\gd32f30x_dbg.c: 1 warning, 0 errors
compiling systick.c...
..\..\..\Library\Firmware\CMSIS\core_cm4.h(118): warning:  #1215-D: #warning directive: "Compiler generates FPU instructions for a device without an FPU (check __FPU_PRESENT)"
        #warning "Compiler generates FPU instructions for a device without an FPU (check __FPU_PRESENT)"
..\systick.c: 1 warning, 0 errors
compiling system_gd32f30x.c...
..\..\..\Library\Firmware\CMSIS\core_cm4.h(118): warning:  #1215-D: #warning directive: "Compiler generates FPU instructions for a device without an FPU (check __FPU_PRESENT)"
        #warning "Compiler generates FPU instructions for a device without an FPU (check __FPU_PRESENT)"
..\..\..\Library\Firmware\CMSIS\GD\GD32F30x\Source\system_gd32f30x.c: 1 warning, 0 errors
compiling gd32f30x_enet.c...
..\..\..\Library\Firmware\CMSIS\core_cm4.h(118): warning:  #1215-D: #warning directive: "Compiler generates FPU instructions for a device without an FPU (check __FPU_PRESENT)"
        #warning "Compiler generates FPU instructions for a device without an FPU (check __FPU_PRESENT)"
..\..\..\Library\Firmware\GD32F30x_standard_peripheral\Source\gd32f30x_enet.c: 1 warning, 0 errors
compiling gd32f30x_exti.c...
..\..\..\Library\Firmware\CMSIS\core_cm4.h(118): warning:  #1215-D: #warning directive: "Compiler generates FPU instructions for a device without an FPU (check __FPU_PRESENT)"
        #warning "Compiler generates FPU instructions for a device without an FPU (check __FPU_PRESENT)"
..\..\..\Library\Firmware\GD32F30x_standard_peripheral\Source\gd32f30x_exti.c: 1 warning, 0 errors
compiling gd32f30x_exmc.c...
..\..\..\Library\Firmware\CMSIS\core_cm4.h(118): warning:  #1215-D: #warning directive: "Compiler generates FPU instructions for a device without an FPU (check __FPU_PRESENT)"
        #warning "Compiler generates FPU instructions for a device without an FPU (check __FPU_PRESENT)"
..\..\..\Library\Firmware\GD32F30x_standard_peripheral\Source\gd32f30x_exmc.c: 1 warning, 0 errors
compiling gd32f30x_dma.c...
..\..\..\Library\Firmware\CMSIS\core_cm4.h(118): warning:  #1215-D: #warning directive: "Compiler generates FPU instructions for a device without an FPU (check __FPU_PRESENT)"
        #warning "Compiler generates FPU instructions for a device without an FPU (check __FPU_PRESENT)"
..\..\..\Library\Firmware\GD32F30x_standard_peripheral\Source\gd32f30x_dma.c: 1 warning, 0 errors
compiling gd32f30x_fwdgt.c...
..\..\..\Library\Firmware\CMSIS\core_cm4.h(118): warning:  #1215-D: #warning directive: "Compiler generates FPU instructions for a device without an FPU (check __FPU_PRESENT)"
        #warning "Compiler generates FPU instructions for a device without an FPU (check __FPU_PRESENT)"
..\..\..\Library\Firmware\GD32F30x_standard_peripheral\Source\gd32f30x_fwdgt.c: 1 warning, 0 errors
compiling gd32f30x_fmc.c...
..\..\..\Library\Firmware\CMSIS\core_cm4.h(118): warning:  #1215-D: #warning directive: "Compiler generates FPU instructions for a device without an FPU (check __FPU_PRESENT)"
        #warning "Compiler generates FPU instructions for a device without an FPU (check __FPU_PRESENT)"
..\..\..\Library\Firmware\GD32F30x_standard_peripheral\Source\gd32f30x_fmc.c: 1 warning, 0 errors
compiling gd32f30x_gpio.c...
..\..\..\Library\Firmware\CMSIS\core_cm4.h(118): warning:  #1215-D: #warning directive: "Compiler generates FPU instructions for a device without an FPU (check __FPU_PRESENT)"
        #warning "Compiler generates FPU instructions for a device without an FPU (check __FPU_PRESENT)"
..\..\..\Library\Firmware\GD32F30x_standard_peripheral\Source\gd32f30x_gpio.c: 1 warning, 0 errors
compiling gd32f30x_misc.c...
..\..\..\Library\Firmware\CMSIS\core_cm4.h(118): warning:  #1215-D: #warning directive: "Compiler generates FPU instructions for a device without an FPU (check __FPU_PRESENT)"
        #warning "Compiler generates FPU instructions for a device without an FPU (check __FPU_PRESENT)"
..\..\..\Library\Firmware\GD32F30x_standard_peripheral\Source\gd32f30x_misc.c: 1 warning, 0 errors
compiling gd32f30x_i2c.c...
..\..\..\Library\Firmware\CMSIS\core_cm4.h(118): warning:  #1215-D: #warning directive: "Compiler generates FPU instructions for a device without an FPU (check __FPU_PRESENT)"
        #warning "Compiler generates FPU instructions for a device without an FPU (check __FPU_PRESENT)"
..\..\..\Library\Firmware\GD32F30x_standard_peripheral\Source\gd32f30x_i2c.c: 1 warning, 0 errors
compiling gd32f30x_pmu.c...
..\..\..\Library\Firmware\CMSIS\core_cm4.h(118): warning:  #1215-D: #warning directive: "Compiler generates FPU instructions for a device without an FPU (check __FPU_PRESENT)"
        #warning "Compiler generates FPU instructions for a device without an FPU (check __FPU_PRESENT)"
..\..\..\Library\Firmware\GD32F30x_standard_peripheral\Source\gd32f30x_pmu.c: 1 warning, 0 errors
compiling gd32f30x_rcu.c...
..\..\..\Library\Firmware\CMSIS\core_cm4.h(118): warning:  #1215-D: #warning directive: "Compiler generates FPU instructions for a device without an FPU (check __FPU_PRESENT)"
        #warning "Compiler generates FPU instructions for a device without an FPU (check __FPU_PRESENT)"
..\..\..\Library\Firmware\GD32F30x_standard_peripheral\Source\gd32f30x_rcu.c: 1 warning, 0 errors
compiling gd32f30x_rtc.c...
..\..\..\Library\Firmware\CMSIS\core_cm4.h(118): warning:  #1215-D: #warning directive: "Compiler generates FPU instructions for a device without an FPU (check __FPU_PRESENT)"
        #warning "Compiler generates FPU instructions for a device without an FPU (check __FPU_PRESENT)"
..\..\..\Library\Firmware\GD32F30x_standard_peripheral\Source\gd32f30x_rtc.c: 1 warning, 0 errors
compiling gd32f30x_sdio.c...
..\..\..\Library\Firmware\CMSIS\core_cm4.h(118): warning:  #1215-D: #warning directive: "Compiler generates FPU instructions for a device without an FPU (check __FPU_PRESENT)"
        #warning "Compiler generates FPU instructions for a device without an FPU (check __FPU_PRESENT)"
..\..\..\Library\Firmware\GD32F30x_standard_peripheral\Source\gd32f30x_sdio.c: 1 warning, 0 errors
compiling gd32f30x_spi.c...
..\..\..\Library\Firmware\CMSIS\core_cm4.h(118): warning:  #1215-D: #warning directive: "Compiler generates FPU instructions for a device without an FPU (check __FPU_PRESENT)"
        #warning "Compiler generates FPU instructions for a device without an FPU (check __FPU_PRESENT)"
..\..\..\Library\Firmware\GD32F30x_standard_peripheral\Source\gd32f30x_spi.c: 1 warning, 0 errors
compiling gd32f30x_wwdgt.c...
..\..\..\Library\Firmware\CMSIS\core_cm4.h(118): warning:  #1215-D: #warning directive: "Compiler generates FPU instructions for a device without an FPU (check __FPU_PRESENT)"
        #warning "Compiler generates FPU instructions for a device without an FPU (check __FPU_PRESENT)"
..\..\..\Library\Firmware\GD32F30x_standard_peripheral\Source\gd32f30x_wwdgt.c: 1 warning, 0 errors
compiling gd32f303c_eval.c...
..\..\..\Library\Firmware\CMSIS\core_cm4.h(118): warning:  #1215-D: #warning directive: "Compiler generates FPU instructions for a device without an FPU (check __FPU_PRESENT)"
        #warning "Compiler generates FPU instructions for a device without an FPU (check __FPU_PRESENT)"
..\..\..\Library\Utilities\gd32f303c_eval.c: 1 warning, 0 errors
compiling gd32f30x_usart.c...
..\..\..\Library\Firmware\CMSIS\core_cm4.h(118): warning:  #1215-D: #warning directive: "Compiler generates FPU instructions for a device without an FPU (check __FPU_PRESENT)"
        #warning "Compiler generates FPU instructions for a device without an FPU (check __FPU_PRESENT)"
..\..\..\Library\Firmware\GD32F30x_standard_peripheral\Source\gd32f30x_usart.c: 1 warning, 0 errors
compiling at24cxx.c...
..\..\..\Library\Firmware\CMSIS\core_cm4.h(118): warning:  #1215-D: #warning directive: "Compiler generates FPU instructions for a device without an FPU (check __FPU_PRESENT)"
        #warning "Compiler generates FPU instructions for a device without an FPU (check __FPU_PRESENT)"
..\Soft_Drive\at24cxx.c: 1 warning, 0 errors
compiling gd32f30x_timer.c...
..\..\..\Library\Firmware\CMSIS\core_cm4.h(118): warning:  #1215-D: #warning directive: "Compiler generates FPU instructions for a device without an FPU (check __FPU_PRESENT)"
        #warning "Compiler generates FPU instructions for a device without an FPU (check __FPU_PRESENT)"
..\..\..\Library\Firmware\GD32F30x_standard_peripheral\Source\gd32f30x_timer.c: 1 warning, 0 errors
assembling startup_gd32f30x_hd.s...
compiling i2c.c...
..\..\..\Library\Firmware\CMSIS\core_cm4.h(118): warning:  #1215-D: #warning directive: "Compiler generates FPU instructions for a device without an FPU (check __FPU_PRESENT)"
        #warning "Compiler generates FPU instructions for a device without an FPU (check __FPU_PRESENT)"
..\Soft_Drive\i2c.c: 1 warning, 0 errors
linking...
Program Size: Code=5500 RO-data=336 RW-data=144 ZI-data=1024  
FromELF: creating hex file...
".\output\Project.axf" - 0 Error(s), 31 Warning(s).

<h2>Software Packages used:</h2>

Package Vendor: ARM
                http://www.keil.com/pack/ARM.CMSIS.5.7.0.pack
                ARM.CMSIS.5.7.0
                CMSIS (Cortex Microcontroller Software Interface Standard)
   * Component: CORE Version: 5.4.0

Package Vendor: GigaDevice
                http://gd32mcu.com/data/documents/pack/GigaDevice.GD32F30x_DFP.2.1.0.pack
                GigaDevice.GD32F30x_DFP.2.1.0
                GigaDevice GD32F30x Series Device Support and Examples

<h2>Collection of Component include folders:</h2>
  .\RTE\_GD32F303C_EVAL
  C:\Users\X00003510\AppData\Local\Arm\Packs\ARM\CMSIS\5.7.0\CMSIS\Core\Include
  C:\Users\X00003510\AppData\Local\Arm\Packs\GigaDevice\GD32F30x_DFP\2.1.0\Device\Include

<h2>Collection of Component Files used:</h2>

   * Component: ARM::CMSIS:CORE:5.4.0
Build Time Elapsed:  00:00:04
</pre>
</body>
</html>
